[INFO] Scanning for projects...
[INFO] 
[INFO] ------------------< com.jobportal:job-portal-backend >------------------
[INFO] Building job-portal-backend 1.0.0
[INFO]   from pom.xml
[INFO] --------------------------------[ jar ]---------------------------------
[INFO] 
[INFO] --- clean:3.2.0:clean (default-clean) @ job-portal-backend ---
[INFO] Deleting C:\Users\bina\OneDrive\Desktop\Devs\Job site - full\backend\target
[INFO] 
[INFO] --- resources:3.3.1:resources (default-resources) @ job-portal-backend ---
[INFO] Copying 4 resources from src\main\resources to target\classes
[INFO] Copying 2 resources from src\main\resources to target\classes
[INFO] 
[INFO] --- compiler:3.11.0:compile (default-compile) @ job-portal-backend ---
[INFO] Changes detected - recompiling the module! :source
[INFO] Compiling 75 source files with javac [debug release 17] to target\classes
[INFO] -------------------------------------------------------------
[ERROR] COMPILATION ERROR : 
[INFO] -------------------------------------------------------------
[ERROR] /C:/Users/bina/OneDrive/Desktop/Devs/Job site - full/backend/src/main/java/com/jobportal/controller/AdminController.java:[206,13] cannot find symbol
  symbol:   class JobSeeker
  location: class com.jobportal.controller.AdminController
[ERROR] /C:/Users/bina/OneDrive/Desktop/Devs/Job site - full/backend/src/main/java/com/jobportal/controller/AdminController.java:[206,39] cannot find symbol
  symbol:   class JobSeeker
  location: class com.jobportal.controller.AdminController
[ERROR] /C:/Users/bina/OneDrive/Desktop/Devs/Job site - full/backend/src/main/java/com/jobportal/controller/AdminController.java:[219,20] com.jobportal.entity.User is abstract; cannot be instantiated
[ERROR] /C:/Users/bina/OneDrive/Desktop/Devs/Job site - full/backend/src/main/java/com/jobportal/controller/AdminController.java:[248,29] cannot find symbol
  symbol:   class JobSeeker
  location: class com.jobportal.controller.AdminController
[ERROR] /C:/Users/bina/OneDrive/Desktop/Devs/Job site - full/backend/src/main/java/com/jobportal/controller/AdminController.java:[249,13] cannot find symbol
  symbol:   class JobSeeker
  location: class com.jobportal.controller.AdminController
[ERROR] /C:/Users/bina/OneDrive/Desktop/Devs/Job site - full/backend/src/main/java/com/jobportal/controller/AdminController.java:[249,29] cannot find symbol
  symbol:   class JobSeeker
  location: class com.jobportal.controller.AdminController
[INFO] 6 errors 
[INFO] -------------------------------------------------------------
[INFO] ------------------------------------------------------------------------
[INFO] BUILD FAILURE
[INFO] ------------------------------------------------------------------------
[INFO] Total time:  12.302 s
[INFO] Finished at: 2025-12-24T15:15:39+03:00
[INFO] ------------------------------------------------------------------------
[ERROR] Failed to execute goal org.apache.maven.plugins:maven-compiler-plugin:3.11.0:compile (default-compile) on project job-portal-backend: Compilation failure: Compilation failure: 
[ERROR] /C:/Users/bina/OneDrive/Desktop/Devs/Job site - full/backend/src/main/java/com/jobportal/controller/AdminController.java:[206,13] cannot find symbol
[ERROR]   symbol:   class JobSeeker
[ERROR]   location: class com.jobportal.controller.AdminController
[ERROR] /C:/Users/bina/OneDrive/Desktop/Devs/Job site - full/backend/src/main/java/com/jobportal/controller/AdminController.java:[206,39] cannot find symbol
[ERROR]   symbol:   class JobSeeker
[ERROR]   location: class com.jobportal.controller.AdminController
[ERROR] /C:/Users/bina/OneDrive/Desktop/Devs/Job site - full/backend/src/main/java/com/jobportal/controller/AdminController.java:[219,20] com.jobportal.entity.User is abstract; cannot be instantiated
[ERROR] /C:/Users/bina/OneDrive/Desktop/Devs/Job site - full/backend/src/main/java/com/jobportal/controller/AdminController.java:[248,29] cannot find symbol
[ERROR]   symbol:   class JobSeeker
[ERROR]   location: class com.jobportal.controller.AdminController
[ERROR] /C:/Users/bina/OneDrive/Desktop/Devs/Job site - full/backend/src/main/java/com/jobportal/controller/AdminController.java:[249,13] cannot find symbol
[ERROR]   symbol:   class JobSeeker
[ERROR]   location: class com.jobportal.controller.AdminController
[ERROR] /C:/Users/bina/OneDrive/Desktop/Devs/Job site - full/backend/src/main/java/com/jobportal/controller/AdminController.java:[249,29] cannot find symbol
[ERROR]   symbol:   class JobSeeker
[ERROR]   location: class com.jobportal.controller.AdminController
[ERROR] -> [Help 1]
[ERROR] 
[ERROR] To see the full stack trace of the errors, re-run Maven with the -e switch.
[ERROR] Re-run Maven using the -X switch to enable full debug logging.
[ERROR] 
[ERROR] For more information about the errors and possible solutions, please read the following articles:
[ERROR] [Help 1] http://cwiki.apache.org/confluence/display/MAVEN/MojoFailureException
